This is pdfTeX, Version 3.141592653-2.6-1.40.25 (MiKTeX 24.1) (preloaded format=pdflatex 2025.11.17)  29 JUL 2026 17:42
entering extended mode
 restricted \write18 enabled.
 %&-line parsing enabled.
**./main.tex
(main.tex
LaTeX2e <2023-11-01> patch level 1
L3 programming layer <2024-01-04>
(C:\Users\joeva\AppData\Local\Programs\MiKTeX\tex/latex/base\book.cls
Document Class: book 2023/05/17 v1.4n Standard LaTeX document class
(C:\Users\joeva\AppData\Local\Programs\MiKTeX\tex/latex/base\bk11.clo
File: bk11.clo 2023/05/17 v1.4n Standard LaTeX file (size option)
)
\c@part=\count187
\c@chapter=\count188
\c@section=\count189
\c@subsection=\count190
\c@subsubsection=\count191
\c@paragraph=\count192
\c@subparagraph=\count193
\c@figure=\count194
\c@table=\count195
\abovecaptionskip=\skip48
\belowcaptionskip=\skip49
\bibindent=\dimen140
)
(C:\Users\joeva\AppData\Local\Programs\MiKTeX\tex/latex/titlesec\titlesec.sty
Package: titlesec 2025/01/04 v2.17 Sectioning titles
\ttl@box=\box51
\beforetitleunit=\skip50
\aftertitleunit=\skip51
\ttl@plus=\dimen141
\ttl@minus=\dimen142
\ttl@toksa=\toks17
\titlewidth=\dimen143
\titlewidthlast=\dimen144
\titlewidthfirst=\dimen145
)
(C:\Users\joeva\AppData\Local\Programs\MiKTeX\tex/latex/geometry\geometry.sty
Package: geometry 2020/01/02 v5.9 Page Geometry

(C:\Users\joeva\AppData\Local\Programs\MiKTeX\tex/latex/graphics\keyval.sty
Package: keyval 2022/05/29 v1.15 key=value parser (DPC)
\KV@toks@=\toks18
)
(C:\Users\joeva\AppData\Local\Programs\MiKTeX\tex/generic/iftex\ifvtex.sty
Package: ifvtex 2019/10/25 v1.7 ifvtex legacy package. Use iftex instead.

(C:\Users\joeva\AppData\Local\Programs\MiKTeX\tex/generic/iftex\iftex.sty
Package: iftex 2022/02/03 v1.0f TeX engine tests
))
\Gm@cnth=\count196
\Gm@cntv=\count197
\c@Gm@tempcnt=\count198
\Gm@bindingoffset=\dimen146
\Gm@wd@mp=\dimen147
\Gm@odd@mp=\dimen148
\Gm@even@mp=\dimen149
\Gm@layoutwidth=\dimen150
\Gm@layoutheight=\dimen151
\Gm@layouthoffset=\dimen152
\Gm@layoutvoffset=\dimen153
\Gm@dimlist=\toks19

(C:\Users\joeva\AppData\Local\Programs\MiKTeX\tex/latex/geometry\geometry.cfg))
(C:\Users\joeva\AppData\Local\Programs\MiKTeX\tex/latex/booktabs\booktabs.sty
Package: booktabs 2020/01/12 v1.61803398 Publication quality tables
\heavyrulewidth=\dimen154
\lightrulewidth=\dimen155
\cmidrulewidth=\dimen156
\belowrulesep=\dimen157
\belowbottomsep=\dimen158
\aboverulesep=\dimen159
\abovetopsep=\dimen160
\cmidrulesep=\dimen161
\cmidrulekern=\dimen162
\defaultaddspace=\dimen163
\@cmidla=\count199
\@cmidlb=\count266
\@aboverulesep=\dimen164
\@belowrulesep=\dimen165
\@thisruleclass=\count267
\@lastruleclass=\count268
\@thisrulewidth=\dimen166
)
(C:\Users\joeva\AppData\Local\Programs\MiKTeX\tex/latex/tools\array.sty
Package: array 2023/10/16 v2.5g Tabular extension package (FMi)
\col@sep=\dimen167
\ar@mcellbox=\box52
\extrarowheight=\dimen168
\NC@list=\toks20
\extratabsurround=\skip52
\backup@length=\skip53
\ar@cellbox=\box53
)
(C:\Users\joeva\AppData\Local\Programs\MiKTeX\tex/latex/float\float.sty
Package: float 2001/11/08 v1.3d Float enhancements (AL)
\c@float@type=\count269
\float@exts=\toks21
\float@box=\box54
\@float@everytoks=\toks22
\@floatcapt=\box55
)
(C:\Users\joeva\AppData\Local\Programs\MiKTeX\tex/latex/amsmath\amsmath.sty
Package: amsmath 2023/05/13 v2.17o AMS math features
\@mathmargin=\skip54

For additional information on amsmath, use the `?' option.
(C:\Users\joeva\AppData\Local\Programs\MiKTeX\tex/latex/amsmath\amstext.sty
Package: amstext 2021/08/26 v2.01 AMS text

(C:\Users\joeva\AppData\Local\Programs\MiKTeX\tex/latex/amsmath\amsgen.sty
File: amsgen.sty 1999/11/30 v2.0 generic functions
\@emptytoks=\toks23
\ex@=\dimen169
))
(C:\Users\joeva\AppData\Local\Programs\MiKTeX\tex/latex/amsmath\amsbsy.sty
Package: amsbsy 1999/11/29 v1.2d Bold Symbols
\pmbraise@=\dimen170
)
(C:\Users\joeva\AppData\Local\Programs\MiKTeX\tex/latex/amsmath\amsopn.sty
Package: amsopn 2022/04/08 v2.04 operator names
)
\inf@bad=\count270
LaTeX Info: Redefining \frac on input line 234.
\uproot@=\count271
\leftroot@=\count272
LaTeX Info: Redefining \overline on input line 399.
LaTeX Info: Redefining \colon on input line 410.
\classnum@=\count273
\DOTSCASE@=\count274
LaTeX Info: Redefining \ldots on input line 496.
LaTeX Info: Redefining \dots on input line 499.
LaTeX Info: Redefining \cdots on input line 620.
\Mathstrutbox@=\box56
\strutbox@=\box57
LaTeX Info: Redefining \big on input line 722.
LaTeX Info: Redefining \Big on input line 723.
LaTeX Info: Redefining \bigg on input line 724.
LaTeX Info: Redefining \Bigg on input line 725.
\big@size=\dimen171
LaTeX Font Info:    Redeclaring font encoding OML on input line 743.
LaTeX Font Info:    Redeclaring font encoding OMS on input line 744.
\macc@depth=\count275
LaTeX Info: Redefining \bmod on input line 905.
LaTeX Info: Redefining \pmod on input line 910.
LaTeX Info: Redefining \smash on input line 940.
LaTeX Info: Redefining \relbar on input line 970.
LaTeX Info: Redefining \Relbar on input line 971.
\c@MaxMatrixCols=\count276
\dotsspace@=\muskip16
\c@parentequation=\count277
\dspbrk@lvl=\count278
\tag@help=\toks24
\row@=\count279
\column@=\count280
\maxfields@=\count281
\andhelp@=\toks25
\eqnshift@=\dimen172
\alignsep@=\dimen173
\tagshift@=\dimen174
\tagwidth@=\dimen175
\totwidth@=\dimen176
\lineht@=\dimen177
\@envbody=\toks26
\multlinegap=\skip55
\multlinetaggap=\skip56
\mathdisplay@stack=\toks27
LaTeX Info: Redefining \[ on input line 2953.
LaTeX Info: Redefining \] on input line 2954.
)
(C:\Users\joeva\AppData\Local\Programs\MiKTeX\tex/latex/hyperref\hyperref.sty
Package: hyperref 2023-11-26 v7.01g Hypertext links for LaTeX

(C:\Users\joeva\AppData\Local\Programs\MiKTeX\tex/generic/infwarerr\infwarerr.s
ty
Package: infwarerr 2019/12/03 v1.5 Providing info/warning/error messages (HO)
)
(C:\Users\joeva\AppData\Local\Programs\MiKTeX\tex/latex/kvsetkeys\kvsetkeys.sty
Package: kvsetkeys 2022-10-05 v1.19 Key value parser (HO)
)
(C:\Users\joeva\AppData\Local\Programs\MiKTeX\tex/generic/kvdefinekeys\kvdefine
keys.sty
Package: kvdefinekeys 2019-12-19 v1.6 Define keys (HO)
)
(C:\Users\joeva\AppData\Local\Programs\MiKTeX\tex/generic/pdfescape\pdfescape.s
ty
Package: pdfescape 2019/12/09 v1.15 Implements pdfTeX's escape features (HO)

(C:\Users\joeva\AppData\Local\Programs\MiKTeX\tex/generic/ltxcmds\ltxcmds.sty
Package: ltxcmds 2023-12-04 v1.26 LaTeX kernel commands for general use (HO)
)
(C:\Users\joeva\AppData\Local\Programs\MiKTeX\tex/generic/pdftexcmds\pdftexcmds
.sty
Package: pdftexcmds 2020-06-27 v0.33 Utility functions of pdfTeX for LuaTeX (HO
)
Package pdftexcmds Info: \pdf@primitive is available.
Package pdftexcmds Info: \pdf@ifprimitive is available.
Package pdftexcmds Info: \pdfdraftmode found.
))
(C:\Users\joeva\AppData\Local\Programs\MiKTeX\tex/latex/hycolor\hycolor.sty
Package: hycolor 2020-01-27 v1.10 Color options for hyperref/bookmark (HO)
)
(C:\Users\joeva\AppData\Local\Programs\MiKTeX\tex/latex/letltxmacro\letltxmacro
.sty
Package: letltxmacro 2019/12/03 v1.6 Let assignment for LaTeX macros (HO)
)
(C:\Users\joeva\AppData\Local\Programs\MiKTeX\tex/latex/auxhook\auxhook.sty
Package: auxhook 2019-12-17 v1.6 Hooks for auxiliary files (HO)
)
(C:\Users\joeva\AppData\Local\Programs\MiKTeX\tex/latex/hyperref\nameref.sty
Package: nameref 2023-11-26 v2.56 Cross-referencing by name of section

(C:\Users\joeva\AppData\Local\Programs\MiKTeX\tex/latex/refcount\refcount.sty
Package: refcount 2019/12/15 v3.6 Data extraction from label references (HO)
)
(C:\Users\joeva\AppData\Local\Programs\MiKTeX\tex/generic/gettitlestring\gettit
lestring.sty
Package: gettitlestring 2019/12/15 v1.6 Cleanup title references (HO)

(C:\Users\joeva\AppData\Local\Programs\MiKTeX\tex/latex/kvoptions\kvoptions.sty
Package: kvoptions 2022-06-15 v3.15 Key value format for package options (HO)
))
\c@section@level=\count282
)
(C:\Users\joeva\AppData\Local\Programs\MiKTeX\tex/latex/etoolbox\etoolbox.sty
Package: etoolbox 2020/10/05 v2.5k e-TeX tools for LaTeX (JAW)
\etb@tempcnta=\count283
)
\@linkdim=\dimen178
\Hy@linkcounter=\count284
\Hy@pagecounter=\count285

(C:\Users\joeva\AppData\Local\Programs\MiKTeX\tex/latex/hyperref\pd1enc.def
File: pd1enc.def 2023-11-26 v7.01g Hyperref: PDFDocEncoding definition (HO)
Now handling font encoding PD1 ...
... no UTF-8 mapping file for font encoding PD1
)
(C:\Users\joeva\AppData\Local\Programs\MiKTeX\tex/generic/intcalc\intcalc.sty
Package: intcalc 2019/12/15 v1.3 Expandable calculations with integers (HO)
)
\Hy@SavedSpaceFactor=\count286

(C:\Users\joeva\AppData\Local\Programs\MiKTeX\tex/latex/hyperref\puenc.def
File: puenc.def 2023-11-26 v7.01g Hyperref: PDF Unicode definition (HO)
Now handling font encoding PU ...
... no UTF-8 mapping file for font encoding PU
)
Package hyperref Info: Hyper figures OFF on input line 4181.
Package hyperref Info: Link nesting OFF on input line 4186.
Package hyperref Info: Hyper index ON on input line 4189.
Package hyperref Info: Plain pages OFF on input line 4196.
Package hyperref Info: Backreferencing OFF on input line 4201.
Package hyperref Info: Implicit mode ON; LaTeX internals redefined.
Package hyperref Info: Bookmarks ON on input line 4448.
\c@Hy@tempcnt=\count287

(C:\Users\joeva\AppData\Local\Programs\MiKTeX\tex/latex/url\url.sty
\Urlmuskip=\muskip17
Package: url 2013/09/16  ver 3.4  Verb mode for urls, etc.
)
LaTeX Info: Redefining \url on input line 4786.
\XeTeXLinkMargin=\dimen179

(C:\Users\joeva\AppData\Local\Programs\MiKTeX\tex/generic/bitset\bitset.sty
Package: bitset 2019/12/09 v1.3 Handle bit-vector datatype (HO)

(C:\Users\joeva\AppData\Local\Programs\MiKTeX\tex/generic/bigintcalc\bigintcalc
.sty
Package: bigintcalc 2019/12/15 v1.5 Expandable calculations on big integers (HO
)
))
\Fld@menulength=\count288
\Field@Width=\dimen180
\Fld@charsize=\dimen181
Package hyperref Info: Hyper figures OFF on input line 6065.
Package hyperref Info: Link nesting OFF on input line 6070.
Package hyperref Info: Hyper index ON on input line 6073.
Package hyperref Info: backreferencing OFF on input line 6080.
Package hyperref Info: Link coloring OFF on input line 6085.
Package hyperref Info: Link coloring with OCG OFF on input line 6090.
Package hyperref Info: PDF/A mode OFF on input line 6095.

(C:\Users\joeva\AppData\Local\Programs\MiKTeX\tex/latex/base\atbegshi-ltx.sty
Package: atbegshi-ltx 2021/01/10 v1.0c Emulation of the original atbegshi
package with kernel methods
)
\Hy@abspage=\count289
\c@Item=\count290
\c@Hfootnote=\count291
)
Package hyperref Info: Driver (autodetected): hpdftex.
(C:\Users\joeva\AppData\Local\Programs\MiKTeX\tex/latex/hyperref\hpdftex.def
File: hpdftex.def 2023-11-26 v7.01g Hyperref driver for pdfTeX

(C:\Users\joeva\AppData\Local\Programs\MiKTeX\tex/latex/base\atveryend-ltx.sty
Package: atveryend-ltx 2020/08/19 v1.0a Emulation of the original atveryend pac
kage
with kernel methods
)
\Fld@listcount=\count292
\c@bookmark@seq@number=\count293

(C:\Users\joeva\AppData\Local\Programs\MiKTeX\tex/latex/rerunfilecheck\rerunfil
echeck.sty
Package: rerunfilecheck 2025-06-21 v1.11 Rerun checks for auxiliary files (HO)

(C:\Users\joeva\AppData\Local\Programs\MiKTeX\tex/generic/uniquecounter\uniquec
ounter.sty
Package: uniquecounter 2019/12/15 v1.4 Provide unlimited unique counter (HO)
)
Package uniquecounter Info: New unique counter `rerunfilecheck' on input line 2
84.
)
\Hy@SectionHShift=\skip57
)
(C:\Users\joeva\AppData\Local\Programs\MiKTeX\tex/latex/enumitem\enumitem.sty
Package: enumitem 2025/02/06 v3.11 Customized lists
\labelindent=\skip58
\enit@outerparindent=\dimen182
\enit@toks=\toks28
\enit@inbox=\box58
\enit@count@id=\count294
\enitdp@description=\count295
)
(C:\Users\joeva\AppData\Local\Programs\MiKTeX\tex/latex/graphics\graphicx.sty
Package: graphicx 2021/09/16 v1.2d Enhanced LaTeX Graphics (DPC,SPQR)

(C:\Users\joeva\AppData\Local\Programs\MiKTeX\tex/latex/graphics\graphics.sty
Package: graphics 2022/03/10 v1.4e Standard LaTeX Graphics (DPC,SPQR)

(C:\Users\joeva\AppData\Local\Programs\MiKTeX\tex/latex/graphics\trig.sty
Package: trig 2021/08/11 v1.11 sin cos tan (DPC)
)
(C:\Users\joeva\AppData\Local\Programs\MiKTeX\tex/latex/graphics-cfg\graphics.c
fg
File: graphics.cfg 2016/06/04 v1.11 sample graphics configuration
)
Package graphics Info: Driver file: pdftex.def on input line 107.

(C:\Users\joeva\AppData\Local\Programs\MiKTeX\tex/latex/graphics-def\pdftex.def
File: pdftex.def 2022/09/22 v1.2b Graphics/color driver for pdftex
))
\Gin@req@height=\dimen183
\Gin@req@width=\dimen184
)
(C:\Users\joeva\AppData\Local\Programs\MiKTeX\tex/latex/setspace\setspace.sty
Package: setspace 2022/12/04 v6.7b set line spacing
)

! LaTeX Error: Option clash for package hyperref.

See the LaTeX manual or LaTeX Companion for explanation.
Type  H <return>  for immediate help.
 ...                                              
                                                  
l.22 
     
The package hyperref has already been loaded with options:
  []
There has now been an attempt to load it with options
  [ colorlinks=true, linkcolor=blue, citecolor=blue, urlcolor=blue ]
Adding the global options:
  , colorlinks=true, linkcolor=blue, citecolor=blue, urlcolor=blue 
to your \documentclass declaration may fix this.
Try typing  <return>  to proceed.


(C:\Users\joeva\AppData\Local\Programs\MiKTeX\tex/latex/l3backend\l3backend-pdf
tex.def
File: l3backend-pdftex.def 2024-01-04 L3 backend support: PDF output (pdfTeX)
\l__color_backend_stack_int=\count296
\l__pdf_internal_box=\box59
) (main.aux)
\openout1 = `main.aux'.

LaTeX Font Info:    Checking defaults for OML/cmm/m/it on input line 28.
LaTeX Font Info:    ... okay on input line 28.
LaTeX Font Info:    Checking defaults for OMS/cmsy/m/n on input line 28.
LaTeX Font Info:    ... okay on input line 28.
LaTeX Font Info:    Checking defaults for OT1/cmr/m/n on input line 28.
LaTeX Font Info:    ... okay on input line 28.
LaTeX Font Info:    Checking defaults for T1/cmr/m/n on input line 28.
LaTeX Font Info:    ... okay on input line 28.
LaTeX Font Info:    Checking defaults for TS1/cmr/m/n on input line 28.
LaTeX Font Info:    ... okay on input line 28.
LaTeX Font Info:    Checking defaults for OMX/cmex/m/n on input line 28.
LaTeX Font Info:    ... okay on input line 28.
LaTeX Font Info:    Checking defaults for U/cmr/m/n on input line 28.
LaTeX Font Info:    ... okay on input line 28.
LaTeX Font Info:    Checking defaults for PD1/pdf/m/n on input line 28.
LaTeX Font Info:    ... okay on input line 28.
LaTeX Font Info:    Checking defaults for PU/pdf/m/n on input line 28.
LaTeX Font Info:    ... okay on input line 28.

*geometry* driver: auto-detecting
*geometry* detected driver: pdftex
*geometry* verbose mode - [ preamble ] result:
* driver: pdftex
* paper: <default>
* layout: <same size as paper>
* layoutoffset:(h,v)=(0.0pt,0.0pt)
* modes: twoside 
* h-part:(L,W,R)=(72.26999pt, 469.75502pt, 72.26999pt)
* v-part:(T,H,B)=(72.26999pt, 650.43001pt, 72.26999pt)
* \paperwidth=614.295pt
* \paperheight=794.96999pt
* \textwidth=469.75502pt
* \textheight=650.43001pt
* \oddsidemargin=0.0pt
* \evensidemargin=0.0pt
* \topmargin=-31.8738pt
* \headheight=12.0pt
* \headsep=19.8738pt
* \topskip=11.0pt
* \footskip=27.46295pt
* \marginparwidth=116.0pt
* \marginparsep=7.0pt
* \columnsep=10.0pt
* \skip\footins=10.0pt plus 4.0pt minus 2.0pt
* \hoffset=0.0pt
* \voffset=0.0pt
* \mag=1000
* \@twocolumnfalse
* \@twosidetrue
* \@mparswitchtrue
* \@reversemarginfalse
* (1in=72.27pt=25.4mm, 1cm=28.453pt)

Package hyperref Info: Link coloring OFF on input line 28.
(main.out) (main.out)
\@outlinefile=\write3
\openout3 = `main.out'.


(C:\Users\joeva\AppData\Local\Programs\MiKTeX\tex/context/base/mkii\supp-pdf.mk
ii
[Loading MPS to PDF converter (version 2006.09.02).]
\scratchcounter=\count297
\scratchdimen=\dimen185
\scratchbox=\box60
\nofMPsegments=\count298
\nofMParguments=\count299
\everyMPshowfont=\toks29
\MPscratchCnt=\count300
\MPscratchDim=\dimen186
\MPnumerator=\count301
\makeMPintoPDFobject=\count302
\everyMPtoPDFconversion=\toks30
)
(C:\Users\joeva\AppData\Local\Programs\MiKTeX\tex/latex/epstopdf-pkg\epstopdf-b
ase.sty
Package: epstopdf-base 2020-01-24 v2.11 Base part for package epstopdf
Package epstopdf-base Info: Redefining graphics rule for `.eps' on input line 4
85.

(C:\Users\joeva\AppData\Local\Programs\MiKTeX\tex/latex/00miktex\epstopdf-sys.c
fg
File: epstopdf-sys.cfg 2021/03/18 v2.0 Configuration of epstopdf for MiKTeX
)) [1


{C:/Users/joeva/AppData/Local/MiKTeX/fonts/map/pdftex/pdftex.map}]
[2

] (main.toc [3])
\tf@toc=\write4
\openout4 = `main.toc'.

 [4] (task1.tex [5

] [6

]
Task 1.

Package hyperref Warning: Difference (2) between bookmark levels is greater 
(hyperref)                than one, level fixed on input line 7.

[7] [8]
<images/roas_summary.jpg, id=268, 999.735pt x 578.16pt>
File: images/roas_summary.jpg Graphic file (type jpg)
<use images/roas_summary.jpg>
Package pdftex.def Info: images/roas_summary.jpg  used on input line 111.
(pdftex.def)             Requested size: 469.75502pt x 271.66466pt.
 [9 <./images/roas_summary.jpg>]) (task2.tex [10]
Task 2.
[11

]
<images/ROAS_by_platform.jpg, id=289, 666.23906pt x 521.69907pt>
File: images/ROAS_by_platform.jpg Graphic file (type jpg)
<use images/ROAS_by_platform.jpg>
Package pdftex.def Info: images/ROAS_by_platform.jpg  used on input line 69.
(pdftex.def)             Requested size: 140.92793pt x 110.34811pt.
 [12 <./images/ROAS_by_platform.jpg>]
<images/CTR_by_platform.jpg, id=297, 647.41875pt x 547.2947pt>
File: images/CTR_by_platform.jpg Graphic file (type jpg)
<use images/CTR_by_platform.jpg>
Package pdftex.def Info: images/CTR_by_platform.jpg  used on input line 83.
(pdftex.def)             Requested size: 140.92793pt x 119.12749pt.
<images/CVR_by_platform.jpg, id=299, 648.17157pt x 525.46312pt>
File: images/CVR_by_platform.jpg Graphic file (type jpg)
<use images/CVR_by_platform.jpg>
Package pdftex.def Info: images/CVR_by_platform.jpg  used on input line 101.
(pdftex.def)             Requested size: 140.92793pt x 114.24721pt.
 [13 <./images/CTR_by_platform.jpg> <./images/CVR_by_platform.jpg>]
<images/CPC_by_platform.jpg, id=308, 660.21657pt x 531.48563pt>
File: images/CPC_by_platform.jpg Graphic file (type jpg)
<use images/CPC_by_platform.jpg>
Package pdftex.def Info: images/CPC_by_platform.jpg  used on input line 118.
(pdftex.def)             Requested size: 140.92793pt x 113.44809pt.
 [14 <./images/CPC_by_platform.jpg>]
<images/ROAS_by_region.jpg, id=317, 755.82375pt x 576.65437pt>
File: images/ROAS_by_region.jpg Graphic file (type jpg)
<use images/ROAS_by_region.jpg>
Package pdftex.def Info: images/ROAS_by_region.jpg  used on input line 162.
(pdftex.def)             Requested size: 187.89914pt x 143.35371pt.
<images/CTR_by_region.jpg, id=319, 714.41907pt x 576.65437pt>
File: images/CTR_by_region.jpg Graphic file (type jpg)
<use images/CTR_by_region.jpg>
Package pdftex.def Info: images/CTR_by_region.jpg  used on input line 177.
(pdftex.def)             Requested size: 187.89914pt x 151.66pt.

Overfull \hbox (3.1294pt too wide) in paragraph at lines 182--183
[]\OT1/cmr/m/n/10.95 Statistical test-ing found no sig-nif-i-cant dif-fer-ences
 in CTR among the four re-gions (Ap-pendix []C.1[]).
 []

[15 <./images/ROAS_by_region.jpg> <./images/CTR_by_region.jpg>]
<images/CVR_by_region.jpg, id=327, 694.84593pt x 576.65437pt>
File: images/CVR_by_region.jpg Graphic file (type jpg)
<use images/CVR_by_region.jpg>
Package pdftex.def Info: images/CVR_by_region.jpg  used on input line 190.
(pdftex.def)             Requested size: 187.89914pt x 155.93633pt.
<images/CPC_by_region.jpg, id=329, 714.41907pt x 569.87906pt>
File: images/CPC_by_region.jpg Graphic file (type jpg)
<use images/CPC_by_region.jpg>
Package pdftex.def Info: images/CPC_by_region.jpg  used on input line 205.
(pdftex.def)             Requested size: 187.89914pt x 149.8781pt.

Overfull \hbox (11.34192pt too wide) in paragraph at lines 210--211
[]\OT1/cmr/m/n/10.95 Statistical test-ing con-firmed that no sig-nif-i-cant re-
gional dif-fer-ences ex-isted in CPC (Ap-pendix []C.1[]).
 []

[16 <./images/CVR_by_region.jpg> <./images/CPC_by_region.jpg>]) [17]
(task1_appendix.tex [18


]
Appendix A.
<images/check_datatype.jpg, id=346, 448.67625pt x 374.14781pt>
File: images/check_datatype.jpg Graphic file (type jpg)
<use images/check_datatype.jpg>
Package pdftex.def Info: images/check_datatype.jpg  used on input line 19.
(pdftex.def)             Requested size: 211.38832pt x 176.27196pt.
[19 <./images/check_datatype.jpg>]
<images/duplicate_records.jpg, id=353, 688.07062pt x 126.4725pt>
File: images/duplicate_records.jpg Graphic file (type jpg)
<use images/duplicate_records.jpg>
Package pdftex.def Info: images/duplicate_records.jpg  used on input line 31.
(pdftex.def)             Requested size: 375.80544pt x 69.0757pt.
<images/revenue_missing_values.jpg, id=356, 1394.96156pt x 402.75468pt>
File: images/revenue_missing_values.jpg Graphic file (type jpg)
<use images/revenue_missing_values.jpg>
Package pdftex.def Info: images/revenue_missing_values.jpg  used on input line 
52.
(pdftex.def)             Requested size: 469.75502pt x 135.62578pt.
<images/drop_missing_revenue.jpg, id=358, 1385.92781pt x 201.75375pt>
File: images/drop_missing_revenue.jpg Graphic file (type jpg)
<use images/drop_missing_revenue.jpg>
Package pdftex.def Info: images/drop_missing_revenue.jpg  used on input line 63
.
(pdftex.def)             Requested size: 469.75502pt x 68.38293pt.


LaTeX Warning: `h' float specifier changed to `ht'.

<images/video_completion_missing.jpg, id=359, 488.57532pt x 370.38374pt>
File: images/video_completion_missing.jpg Graphic file (type jpg)
<use images/video_completion_missing.jpg>
Package pdftex.def Info: images/video_completion_missing.jpg  used on input lin
e 75.
(pdftex.def)             Requested size: 211.38832pt x 160.25093pt.

LaTeX Warning: `h' float specifier changed to `ht'.

<images/filtered_video_completion_missing.jpg, id=361, 560.0925pt x 398.23781pt
>
File: images/filtered_video_completion_missing.jpg Graphic file (type jpg)
<use images/filtered_video_completion_missing.jpg>
Package pdftex.def Info: images/filtered_video_completion_missing.jpg  used on 
input line 87.
(pdftex.def)             Requested size: 211.38832pt x 150.305pt.

LaTeX Warning: `h' float specifier changed to `ht'.

[20 <./images/duplicate_records.jpg> <./images/revenue_missing_values.jpg>]
<images/0clicks_non0purchase.jpg, id=370, 1395.71437pt x 362.85562pt>
File: images/0clicks_non0purchase.jpg Graphic file (type jpg)
<use images/0clicks_non0purchase.jpg>
Package pdftex.def Info: images/0clicks_non0purchase.jpg  used on input line 10
9.
(pdftex.def)             Requested size: 375.80544pt x 97.70102pt.


LaTeX Warning: `h' float specifier changed to `ht'.


Underfull \vbox (badness 1168) has occurred while \output is active []

 [21 <./images/drop_missing_revenue.jpg> <./images/video_completion_missing.jpg
>]
<images/0impressions.jpg, id=378, 1395.71437pt x 385.44pt>
File: images/0impressions.jpg Graphic file (type jpg)
<use images/0impressions.jpg>
Package pdftex.def Info: images/0impressions.jpg  used on input line 136.
(pdftex.def)             Requested size: 375.80544pt x 103.782pt.
 [22 <./images/filtered_video_completion_missing.jpg> <./images/0clicks_non0pur
chase.jpg> <./images/0impressions.jpg>]
<images/0impressionscount.jpg, id=388, 581.92406pt x 211.54031pt>
File: images/0impressionscount.jpg Graphic file (type jpg)
<use images/0impressionscount.jpg>
Package pdftex.def Info: images/0impressionscount.jpg  used on input line 146.
(pdftex.def)             Requested size: 375.80544pt x 136.61513pt.
<images/box_plotsjpg.jpg, id=390, 1242.14063pt x 639.13782pt>
File: images/box_plotsjpg.jpg Graphic file (type jpg)
<use images/box_plotsjpg.jpg>
Package pdftex.def Info: images/box_plotsjpg.jpg  used on input line 155.
(pdftex.def)             Requested size: 469.75502pt x 241.7046pt.
LaTeX Font Info:    Font shape `OT1/cmtt/bx/n' in size <10.95> not available
(Font)              Font shape `OT1/cmtt/m/n' tried instead on input line 161.
<images/CPM_mismatch_list.jpg, id=392, 797.98125pt x 390.70969pt>
File: images/CPM_mismatch_list.jpg Graphic file (type jpg)
<use images/CPM_mismatch_list.jpg>
Package pdftex.def Info: images/CPM_mismatch_list.jpg  used on input line 166.
(pdftex.def)             Requested size: 469.75502pt x 230.004pt.
 [23 <./images/0impressionscount.jpg> <./images/box_plotsjpg.jpg>]
<images/severe_spend_outlier_list.jpg, id=402, 1227.83719pt x 285.31593pt>
File: images/severe_spend_outlier_list.jpg Graphic file (type jpg)
<use images/severe_spend_outlier_list.jpg>
Package pdftex.def Info: images/severe_spend_outlier_list.jpg  used on input li
ne 175.
(pdftex.def)             Requested size: 469.75502pt x 109.15692pt.
<images/severe_spend_outlier_boxplot.jpg, id=403, 1333.98375pt x 475.7775pt>
File: images/severe_spend_outlier_boxplot.jpg Graphic file (type jpg)
<use images/severe_spend_outlier_boxplot.jpg>
Package pdftex.def Info: images/severe_spend_outlier_boxplot.jpg  used on input
 line 184.
(pdftex.def)             Requested size: 469.75502pt x 167.54097pt.


LaTeX Warning: `h' float specifier changed to `ht'.

[24 <./images/CPM_mismatch_list.jpg> <./images/severe_spend_outlier_list.jpg>])
(appendix_channel_performance_analysis.tex [25 <./images/severe_spend_outlier_b
oxplot.jpg>] [26

]
Appendix B.
[27] [28] [29] [30] [31]) (appendix_regional_performance_analysis.tex [32]
Appendix C.
[33

]
Underfull \vbox (badness 1057) has occurred while \output is active []

 [34]
[35] [36] [37]) [38] (main.aux)
 ***********
LaTeX2e <2023-11-01> patch level 1
L3 programming layer <2024-01-04>
 ***********
Package rerunfilecheck Info: File `main.out' has not changed.
(rerunfilecheck)             Checksum: 9E337E87FA01EAA4EEA0307CDD66FB96;8480.
 ) 
Here is how much of TeX's memory you used:
 10905 strings out of 474486
 173814 string characters out of 5743754
 1937542 words of memory out of 5000000
 32863 multiletter control sequences out of 15000+600000
 566558 words of font info for 65 fonts, out of 8000000 for 9000
 1141 hyphenation exceptions out of 8191
 75i,10n,79p,520b,578s stack positions out of 10000i,1000n,20000p,200000b,200000s
 <C:\Users\joeva\AppData\Local\MiKTeX\fonts/pk/ljfour/jknappen/ec/dpi600\tcrm
1095.pk><C:/Users/joeva/AppData/Local/Programs/MiKTeX/fonts/type1/public/amsfon
ts/cm/cmbx10.pfb><C:/Users/joeva/AppData/Local/Programs/MiKTeX/fonts/type1/publ
ic/amsfonts/cm/cmbx12.pfb><C:/Users/joeva/AppData/Local/Programs/MiKTeX/fonts/t
ype1/public/amsfonts/cm/cmmi10.pfb><C:/Users/joeva/AppData/Local/Programs/MiKTe
X/fonts/type1/public/amsfonts/cm/cmr10.pfb><C:/Users/joeva/AppData/Local/Progra
ms/MiKTeX/fonts/type1/public/amsfonts/cm/cmr12.pfb><C:/Users/joeva/AppData/Loca
l/Programs/MiKTeX/fonts/type1/public/amsfonts/cm/cmr17.pfb><C:/Users/joeva/AppD
ata/Local/Programs/MiKTeX/fonts/type1/public/amsfonts/cm/cmr8.pfb><C:/Users/joe
va/AppData/Local/Programs/MiKTeX/fonts/type1/public/amsfonts/cm/cmsl10.pfb><C:/
Users/joeva/AppData/Local/Programs/MiKTeX/fonts/type1/public/amsfonts/cm/cmsy10
.pfb><C:/Users/joeva/AppData/Local/Programs/MiKTeX/fonts/type1/public/amsfonts/
cm/cmti10.pfb><C:/Users/joeva/AppData/Local/Programs/MiKTeX/fonts/type1/public/
amsfonts/cm/cmtt10.pfb>
Output written on main.pdf (38 pages, 2507954 bytes).
PDF statistics:
 634 PDF objects out of 1000 (max. 8388607)
 186 named destinations out of 1000 (max. 500000)
 463 words of extra memory for PDF output out of 10000 (max. 10000000)

