\BOOKMARK [0][-]{chapter*.2}{\376\377\000A\000b\000o\000u\000t\000\040\000T\000h\000i\000s\000\040\000R\000e\000p\000o\000r\000t}{}% 1
\BOOKMARK [0][-]{chapter.1}{\376\377\000D\000a\000t\000a\000\040\000Q\000u\000a\000l\000i\000t\000y\000\040\000a\000n\000d\000\040\000I\000n\000i\000t\000i\000a\000l\000\040\000E\000x\000p\000l\000o\000r\000a\000t\000o\000r\000y\000\040\000A\000s\000s\000e\000s\000s\000m\000e\000n\000t}{}% 2
\BOOKMARK [1][-]{subsection.1.0.1}{\376\377\000D\000a\000t\000a\000\040\000C\000l\000e\000a\000n\000i\000n\000g\000\040\000S\000u\000m\000m\000a\000r\000y}{chapter.1}% 3
\BOOKMARK [2][-]{subsection.1.0.2}{\376\377\000C\000h\000a\000l\000l\000e\000n\000g\000e}{subsection.1.0.1}% 4
\BOOKMARK [2][-]{subsection.1.0.3}{\376\377\000P\000e\000r\000f\000o\000r\000m\000a\000n\000c\000e\000\040\000M\000e\000t\000r\000i\000c\000s}{subsection.1.0.1}% 5
\BOOKMARK [1][-]{section.1.1}{\376\377\000I\000n\000i\000t\000i\000a\000l\000\040\000E\000x\000p\000l\000o\000r\000a\000t\000o\000r\000y\000\040\000A\000s\000s\000e\000s\000s\000m\000e\000n\000t}{chapter.1}% 6
\BOOKMARK [2][-]{subsection.1.1.1}{\376\377\000B\000u\000s\000i\000n\000e\000s\000s\000\040\000O\000v\000e\000r\000v\000i\000e\000w}{section.1.1}% 7
\BOOKMARK [2][-]{subsection.1.1.2}{\376\377\000K\000e\000y\000\040\000P\000e\000r\000f\000o\000r\000m\000a\000n\000c\000e\000\040\000M\000e\000t\000r\000i\000c\000s}{section.1.1}% 8
\BOOKMARK [2][-]{subsection.1.1.3}{\376\377\000P\000r\000e\000l\000i\000m\000i\000n\000a\000r\000y\000\040\000I\000n\000s\000i\000g\000h\000t\000s}{section.1.1}% 9
\BOOKMARK [0][-]{chapter.2}{\376\377\000P\000e\000r\000f\000o\000r\000m\000a\000n\000c\000e\000\040\000A\000n\000a\000l\000y\000s\000i\000s}{}% 10
\BOOKMARK [1][-]{section.2.1}{\376\377\000S\000t\000a\000t\000i\000s\000t\000i\000c\000a\000l\000\040\000M\000e\000t\000h\000o\000d\000o\000l\000o\000g\000y}{chapter.2}% 11
\BOOKMARK [1][-]{section.2.2}{\376\377\000C\000h\000a\000n\000n\000e\000l\000\040\000P\000e\000r\000f\000o\000r\000m\000a\000n\000c\000e\000\040\000A\000n\000a\000l\000y\000s\000i\000s}{chapter.2}% 12
\BOOKMARK [2][-]{subsection.2.2.1}{\376\377\000R\000e\000t\000u\000r\000n\000\040\000o\000n\000\040\000A\000d\000v\000e\000r\000t\000i\000s\000i\000n\000g\000\040\000S\000p\000e\000n\000d\000\040\000\050\000R\000O\000A\000S\000\051}{section.2.2}% 13
\BOOKMARK [2][-]{subsection.2.2.2}{\376\377\000C\000l\000i\000c\000k\000-\000T\000h\000r\000o\000u\000g\000h\000\040\000R\000a\000t\000e\000\040\000\050\000C\000T\000R\000\051}{section.2.2}% 14
\BOOKMARK [2][-]{subsection.2.2.3}{\376\377\000C\000o\000n\000v\000e\000r\000s\000i\000o\000n\000\040\000R\000a\000t\000e\000\040\000\050\000C\000V\000R\000\051}{section.2.2}% 15
\BOOKMARK [2][-]{subsection.2.2.4}{\376\377\000C\000o\000s\000t\000\040\000P\000e\000r\000\040\000C\000l\000i\000c\000k\000\040\000\050\000C\000P\000C\000\051}{section.2.2}% 16
\BOOKMARK [2][-]{subsection.2.2.5}{\376\377\000O\000v\000e\000r\000a\000l\000l\000\040\000P\000l\000a\000t\000f\000o\000r\000m\000\040\000P\000e\000r\000f\000o\000r\000m\000a\000n\000c\000e}{section.2.2}% 17
\BOOKMARK [1][-]{section.2.3}{\376\377\000R\000e\000g\000i\000o\000n\000a\000l\000\040\000P\000e\000r\000f\000o\000r\000m\000a\000n\000c\000e\000\040\000A\000n\000a\000l\000y\000s\000i\000s}{chapter.2}% 18
\BOOKMARK [2][-]{subsection.2.3.1}{\376\377\000R\000e\000t\000u\000r\000n\000\040\000o\000n\000\040\000A\000d\000v\000e\000r\000t\000i\000s\000i\000n\000g\000\040\000S\000p\000e\000n\000d\000\040\000\050\000R\000O\000A\000S\000\051}{section.2.3}% 19
\BOOKMARK [2][-]{subsection.2.3.2}{\376\377\000C\000l\000i\000c\000k\000-\000T\000h\000r\000o\000u\000g\000h\000\040\000R\000a\000t\000e\000\040\000\050\000C\000T\000R\000\051}{section.2.3}% 20
\BOOKMARK [2][-]{subsection.2.3.3}{\376\377\000C\000o\000n\000v\000e\000r\000s\000i\000o\000n\000\040\000R\000a\000t\000e\000\040\000\050\000C\000V\000R\000\051}{section.2.3}% 21
\BOOKMARK [2][-]{subsection.2.3.4}{\376\377\000C\000o\000s\000t\000\040\000P\000e\000r\000\040\000C\000l\000i\000c\000k\000\040\000\050\000C\000P\000C\000\051}{section.2.3}% 22
\BOOKMARK [2][-]{subsection.2.3.5}{\376\377\000R\000e\000g\000i\000o\000n\000a\000l\000\040\000P\000e\000r\000f\000o\000r\000m\000a\000n\000c\000e\000\040\000S\000u\000m\000m\000a\000r\000y}{section.2.3}% 23
\BOOKMARK [1][-]{section.2.4}{\376\377\000C\000r\000e\000a\000t\000i\000v\000e\000\040\000P\000e\000r\000f\000o\000r\000m\000a\000n\000c\000e\000\040\000A\000n\000a\000l\000y\000s\000i\000s}{chapter.2}% 24
\BOOKMARK [2][-]{subsection.2.4.1}{\376\377\000R\000e\000t\000u\000r\000n\000\040\000o\000n\000\040\000A\000d\000v\000e\000r\000t\000i\000s\000i\000n\000g\000\040\000S\000p\000e\000n\000d\000\040\000\050\000R\000O\000A\000S\000\051}{section.2.4}% 25
\BOOKMARK [2][-]{subsection.2.4.2}{\376\377\000C\000l\000i\000c\000k\000-\000T\000h\000r\000o\000u\000g\000h\000\040\000R\000a\000t\000e\000\040\000\050\000C\000T\000R\000\051}{section.2.4}% 26
\BOOKMARK [2][-]{subsection.2.4.3}{\376\377\000C\000o\000n\000v\000e\000r\000s\000i\000o\000n\000\040\000R\000a\000t\000e\000\040\000\050\000C\000V\000R\000\051}{section.2.4}% 27
\BOOKMARK [2][-]{subsection.2.4.4}{\376\377\000C\000o\000s\000t\000\040\000P\000e\000r\000\040\000C\000l\000i\000c\000k\000\040\000\050\000C\000P\000C\000\051}{section.2.4}% 28
\BOOKMARK [2][-]{subsection.2.4.5}{\376\377\000C\000r\000e\000a\000t\000i\000v\000e\000\040\000P\000e\000r\000f\000o\000r\000m\000a\000n\000c\000e\000\040\000S\000u\000m\000m\000a\000r\000y}{section.2.4}% 29
\BOOKMARK [1][-]{section.2.5}{\376\377\000A\000u\000d\000i\000e\000n\000c\000e\040\023\000P\000r\000o\000d\000u\000c\000t\000\040\000P\000e\000r\000f\000o\000r\000m\000a\000n\000c\000e\000\040\000A\000n\000a\000l\000y\000s\000i\000s}{chapter.2}% 30
\BOOKMARK [2][-]{subsection.2.5.1}{\376\377\000R\000e\000t\000u\000r\000n\000\040\000o\000n\000\040\000A\000d\000v\000e\000r\000t\000i\000s\000i\000n\000g\000\040\000S\000p\000e\000n\000d\000\040\000\050\000R\000O\000A\000S\000\051}{section.2.5}% 31
\BOOKMARK [2][-]{subsection.2.5.2}{\376\377\000C\000l\000i\000c\000k\000-\000T\000h\000r\000o\000u\000g\000h\000\040\000R\000a\000t\000e\000\040\000\050\000C\000T\000R\000\051}{section.2.5}% 32
\BOOKMARK [2][-]{subsection.2.5.3}{\376\377\000C\000o\000n\000v\000e\000r\000s\000i\000o\000n\000\040\000R\000a\000t\000e\000\040\000\050\000C\000V\000R\000\051}{section.2.5}% 33
\BOOKMARK [2][-]{subsection.2.5.4}{\376\377\000C\000o\000s\000t\000\040\000P\000e\000r\000\040\000C\000l\000i\000c\000k\000\040\000\050\000C\000P\000C\000\051}{section.2.5}% 34
\BOOKMARK [2][-]{subsection.2.5.5}{\376\377\000A\000u\000d\000i\000e\000n\000c\000e\040\023\000P\000r\000o\000d\000u\000c\000t\000\040\000P\000e\000r\000f\000o\000r\000m\000a\000n\000c\000e\000\040\000S\000u\000m\000m\000a\000r\000y}{section.2.5}% 35
\BOOKMARK [1][-]{section.2.6}{\376\377\000E\000f\000f\000e\000c\000t\000\040\000o\000f\000\040\000C\000o\000m\000p\000e\000t\000i\000t\000i\000v\000e\000\040\000E\000v\000e\000n\000t\000s}{chapter.2}% 36
\BOOKMARK [0][-]{figure.2.17}{\376\377\000A\000p\000p\000e\000n\000d\000i\000c\000e\000s}{}% 37
\BOOKMARK [0][-]{appendix.A}{\376\377\000D\000a\000t\000a\000\040\000Q\000u\000a\000l\000i\000t\000y\000\040\000a\000n\000d\000\040\000I\000n\000i\000t\000i\000a\000l\000\040\000E\000x\000p\000l\000o\000r\000a\000t\000o\000r\000y\000\040\000A\000s\000s\000e\000s\000s\000m\000e\000n\000t}{}% 38
\BOOKMARK [1][-]{section.A.1}{\376\377\000D\000a\000t\000a\000\040\000Q\000u\000a\000l\000i\000t\000y\000\040\000A\000s\000s\000e\000s\000s\000m\000e\000n\000t}{appendix.A}% 39
\BOOKMARK [2][-]{subsection.A.1.1}{\376\377\000D\000a\000t\000a\000\040\000T\000y\000p\000e}{section.A.1}% 40
\BOOKMARK [2][-]{subsection.A.1.2}{\376\377\000D\000u\000p\000l\000i\000c\000a\000t\000e\000\040\000R\000e\000c\000o\000r\000d\000s}{section.A.1}% 41
\BOOKMARK [2][-]{subsection.A.1.3}{\376\377\000D\000a\000t\000a\000\040\000C\000o\000m\000p\000l\000e\000t\000e\000n\000e\000s\000s}{section.A.1}% 42
\BOOKMARK [2][-]{subsection.A.1.4}{\376\377\000L\000o\000g\000i\000c\000a\000l\000\040\000C\000o\000n\000s\000i\000s\000t\000e\000n\000c\000y\000\040\000C\000h\000e\000c\000k\000s}{section.A.1}% 43
\BOOKMARK [2][-]{subsection.A.1.5}{\376\377\000O\000u\000t\000l\000i\000e\000r\000\040\000A\000s\000s\000e\000s\000s\000m\000e\000n\000t}{section.A.1}% 44
\BOOKMARK [2][-]{subsection.A.1.6}{\376\377\000D\000a\000t\000a\000\040\000C\000l\000e\000a\000n\000i\000n\000g\000\040\000S\000u\000m\000m\000a\000r\000y}{section.A.1}% 45
\BOOKMARK [0][-]{appendix.B}{\376\377\000S\000t\000a\000t\000i\000s\000t\000i\000c\000a\000l\000\040\000T\000e\000s\000t\000\040\000R\000e\000s\000u\000l\000t\000s}{}% 46
\BOOKMARK [1][-]{section.B.1}{\376\377\000C\000h\000a\000n\000n\000e\000l\000\040\000p\000e\000r\000f\000o\000r\000m\000a\000n\000c\000e\000\040\000a\000n\000a\000l\000y\000s\000i\000s\000\040}{appendix.B}% 47
\BOOKMARK [2][-]{subsection.B.1.1}{\376\377\000R\000e\000t\000u\000r\000n\000\040\000o\000n\000\040\000A\000d\000v\000e\000r\000t\000i\000s\000i\000n\000g\000\040\000S\000p\000e\000n\000d\000\040\000\050\000R\000O\000A\000S\000\051}{section.B.1}% 48
\BOOKMARK [2][-]{subsection.B.1.2}{\376\377\000C\000l\000i\000c\000k\000-\000T\000h\000r\000o\000u\000g\000h\000\040\000R\000a\000t\000e\000\040\000\050\000C\000T\000R\000\051}{section.B.1}% 49
\BOOKMARK [2][-]{subsection.B.1.3}{\376\377\000C\000o\000n\000v\000e\000r\000s\000i\000o\000n\000\040\000R\000a\000t\000e\000\040\000\050\000C\000V\000R\000\051}{section.B.1}% 50
\BOOKMARK [2][-]{subsection.B.1.4}{\376\377\000C\000o\000s\000t\000\040\000P\000e\000r\000\040\000C\000l\000i\000c\000k\000\040\000\050\000C\000P\000C\000\051}{section.B.1}% 51
\BOOKMARK [1][-]{section.B.2}{\376\377\000R\000e\000g\000i\000o\000n\000a\000l\000\040\000p\000e\000r\000f\000o\000r\000m\000a\000n\000c\000e\000\040\000c\000o\000m\000p\000a\000r\000i\000s\000o\000n\000\040}{appendix.B}% 52
\BOOKMARK [2][-]{subsection.B.2.1}{\376\377\000R\000e\000t\000u\000r\000n\000\040\000o\000n\000\040\000A\000d\000v\000e\000r\000t\000i\000s\000i\000n\000g\000\040\000S\000p\000e\000n\000d\000\040\000\050\000R\000O\000A\000S\000\051}{section.B.2}% 53
\BOOKMARK [2][-]{subsection.B.2.2}{\376\377\000C\000l\000i\000c\000k\000-\000T\000h\000r\000o\000u\000g\000h\000\040\000R\000a\000t\000e\000\040\000\050\000C\000T\000R\000\051}{section.B.2}% 54
\BOOKMARK [2][-]{subsection.B.2.3}{\376\377\000C\000o\000n\000v\000e\000r\000s\000i\000o\000n\000\040\000R\000a\000t\000e\000\040\000\050\000C\000V\000R\000\051}{section.B.2}% 55
\BOOKMARK [2][-]{subsection.B.2.4}{\376\377\000C\000o\000s\000t\000\040\000P\000e\000r\000\040\000C\000l\000i\000c\000k\000\040\000\050\000C\000P\000C\000\051}{section.B.2}% 56
\BOOKMARK [1][-]{section.B.3}{\376\377\000C\000r\000e\000a\000t\000i\000v\000e\000\040\000p\000e\000r\000f\000o\000r\000m\000a\000n\000c\000e\000\040\000a\000n\000a\000l\000y\000s\000i\000s}{appendix.B}% 57
\BOOKMARK [2][-]{subsection.B.3.1}{\376\377\000R\000e\000t\000u\000r\000n\000\040\000o\000n\000\040\000A\000d\000v\000e\000r\000t\000i\000s\000i\000n\000g\000\040\000S\000p\000e\000n\000d\000\040\000\050\000R\000O\000A\000S\000\051}{section.B.3}% 58
\BOOKMARK [2][-]{subsection.B.3.2}{\376\377\000C\000l\000i\000c\000k\000-\000T\000h\000r\000o\000u\000g\000h\000\040\000R\000a\000t\000e\000\040\000\050\000C\000T\000R\000\051}{section.B.3}% 59
\BOOKMARK [2][-]{subsection.B.3.3}{\376\377\000C\000o\000n\000v\000e\000r\000s\000i\000o\000n\000\040\000R\000a\000t\000e\000\040\000\050\000C\000V\000R\000\051}{section.B.3}% 60
\BOOKMARK [2][-]{subsection.B.3.4}{\376\377\000C\000o\000s\000t\000\040\000P\000e\000r\000\040\000C\000l\000i\000c\000k\000\040\000\050\000C\000P\000C\000\051}{section.B.3}% 61
\BOOKMARK [1][-]{section.B.4}{\376\377\000A\000u\000d\000i\000e\000n\000c\000e\040\023\000P\000r\000o\000d\000u\000c\000t\000\040\000P\000e\000r\000f\000o\000r\000m\000a\000n\000c\000e\000\040\000A\000n\000a\000l\000y\000s\000i\000s}{appendix.B}% 62
\BOOKMARK [2][-]{subsection.B.4.1}{\376\377\000R\000e\000t\000u\000r\000n\000\040\000o\000n\000\040\000A\000d\000v\000e\000r\000t\000i\000s\000i\000n\000g\000\040\000S\000p\000e\000n\000d\000\040\000\050\000R\000O\000A\000S\000\051}{section.B.4}% 63
\BOOKMARK [2][-]{subsection.B.4.2}{\376\377\000C\000l\000i\000c\000k\000-\000T\000h\000r\000o\000u\000g\000h\000\040\000R\000a\000t\000e\000\040\000\050\000C\000T\000R\000\051}{section.B.4}% 64
\BOOKMARK [2][-]{subsection.B.4.3}{\376\377\000C\000o\000n\000v\000e\000r\000s\000i\000o\000n\000\040\000R\000a\000t\000e\000\040\000\050\000C\000V\000R\000\051}{section.B.4}% 65
\BOOKMARK [2][-]{subsection.B.4.4}{\376\377\000C\000o\000s\000t\000\040\000P\000e\000r\000\040\000C\000l\000i\000c\000k\000\040\000\050\000C\000P\000C\000\051}{section.B.4}% 66
\BOOKMARK [1][-]{section.B.5}{\376\377\000S\000t\000a\000t\000i\000s\000t\000i\000c\000a\000l\000\040\000T\000e\000s\000t\000\040\000R\000e\000s\000u\000l\000t\000s\000\040\000o\000f\000\040\000C\000o\000m\000p\000e\000t\000i\000t\000i\000v\000e\000\040\000E\000v\000e\000n\000t\000\040\000A\000n\000a\000l\000y\000s\000i\000s}{appendix.B}% 67
\BOOKMARK [2][-]{subsection.B.5.1}{\376\377\000R\000e\000t\000u\000r\000n\000\040\000o\000n\000\040\000A\000d\000v\000e\000r\000t\000i\000s\000i\000n\000g\000\040\000S\000p\000e\000n\000d\000\040\000\050\000R\000O\000A\000S\000\051}{section.B.5}% 68
\BOOKMARK [2][-]{subsection.B.5.2}{\376\377\000C\000l\000i\000c\000k\000-\000T\000h\000r\000o\000u\000g\000h\000\040\000R\000a\000t\000e\000\040\000\050\000C\000T\000R\000\051}{section.B.5}% 69
\BOOKMARK [2][-]{subsection.B.5.3}{\376\377\000C\000o\000n\000v\000e\000r\000s\000i\000o\000n\000\040\000R\000a\000t\000e\000\040\000\050\000C\000V\000R\000\051}{section.B.5}% 70
\BOOKMARK [2][-]{subsection.B.5.4}{\376\377\000C\000o\000s\000t\000\040\000P\000e\000r\000\040\000C\000l\000i\000c\000k\000\040\000\050\000C\000P\000C\000\051}{section.B.5}% 71
\BOOKMARK [2][-]{subsection.B.5.5}{\376\377\000S\000u\000m\000m\000a\000r\000y}{section.B.5}% 72
